[29-3-2026, 08:28:25] ─── Export gestart ───
[29-3-2026, 08:28:25] 0 afgeronde bezoek(en) gevonden
[29-3-2026, 08:28:25] Geen nieuwe bezoeken om te exporteren
[29-3-2026, 08:28:25] ─── Export klaar ───
[29-3-2026, 08:32:43] ─── Export gestart ───
[29-3-2026, 08:32:43] 0 afgeronde bezoek(en) gevonden
[29-3-2026, 08:32:43] Geen nieuwe bezoeken om te exporteren
[29-3-2026, 08:32:43] ─── Export klaar ───
[29-3-2026, 09:14:32] ─── Export gestart ───
[29-3-2026, 09:14:33] 1 afgeronde bezoek(en) gevonden
[29-3-2026, 09:14:33] Exporteren: 2026-03-29_A.C._van_Blijderveen_Fruit_B.V._Test.pdf
[29-3-2026, 09:14:38]   ✓ Opgeslagen (201 KB)
[29-3-2026, 09:14:38] 1 nieuw(e) PDF('s) opgeslagen in OneDrive
[29-3-2026, 09:14:38] ─── Export klaar ───
[29-3-2026, 09:15:05] ─── Export gestart ───
[29-3-2026, 09:15:06] 1 afgeronde bezoek(en) gevonden
[29-3-2026, 09:15:06] Geen nieuwe bezoeken om te exporteren
[29-3-2026, 09:15:06] ─── Export klaar ───
[29-3-2026, 09:49:35] ─── Export gestart ───
[29-3-2026, 09:49:37] 1 afgeronde bezoek(en) gevonden
[29-3-2026, 09:49:37] Geen nieuwe bezoeken om te exporteren
[29-3-2026, 09:49:37] ─── Export klaar ───
[29-3-2026, 14:26:46] ─── Export gestart ───
[29-3-2026, 14:26:48] 1 afgeronde bezoek(en) gevonden
[29-3-2026, 14:26:48] Geen nieuwe bezoeken om te exporteren
[29-3-2026, 14:26:48] ─── Export klaar ───
[29-3-2026, 16:02:13] ─── Export gestart ───
[29-3-2026, 16:02:15] 1 afgeronde bezoek(en) gevonden
[29-3-2026, 16:02:15] Geen nieuwe bezoeken om te exporteren
[29-3-2026, 16:02:15] ─── Export klaar ───
